Microchip Technology Inc, v1.35 (A)

Tool Name:
  c:\program files (x86)\microchip\xc16\v1.35\bin\bin\..\bin/elf-ld.exe

Command:
  -p24F16KA101 \
  -o \
  dist/default/production/519-drivers.X.production.elf \
  -Lc:/program files (x86)/microchip/xc16/v1.35/bin/bin/.. \
  -Lc:/program files (x86)/microchip/xc16/v1.35/bin/bin/../../lib \
  -Lc:/program files (x86)/microchip/xc16/v1.35/bin/bin/../../support/PIC24E/gld \
  -Lc:/program files (x86)/microchip/xc16/v1.35/bin/bin/../../support/PIC24F/gld \
  -Lc:/program files (x86)/microchip/xc16/v1.35/bin/bin/../../support/PIC24H/gld \
  -Lc:/program files (x86)/microchip/xc16/v1.35/bin/bin/../../support/dsPIC30F/gld \
  -Lc:/program files (x86)/microchip/xc16/v1.35/bin/bin/../../support/dsPIC33C/gld \
  -Lc:/program files (x86)/microchip/xc16/v1.35/bin/bin/../../support/dsPIC33E/gld \
  -Lc:/program files (x86)/microchip/xc16/v1.35/bin/bin/../../support/dsPIC33F/gld \
  build/default/production/src/button_state.o \
  build/default/production/src/ChangeClk.o \
  build/default/production/src/IO.o \
  build/default/production/src/main.o \
  build/default/production/src/Timer.o \
  build/default/production/src/UART2.o \
  build/default/production/src/IR.o \
  --defsym=__MPLAB_BUILD=1 \
  -Tp24F16KA101.gld.00 \
  --stack=16 \
  --check-sections \
  --data-init \
  --pack-data \
  --handles \
  --isr \
  --no-gc-sections \
  --fill-upper=0 \
  --stackguard=16 \
  --no-force-link \
  --smart-io \
  -Map=dist/default/production/519-drivers.X.production.map \
  --report-mem \
  --memorysummary \
  dist/default/production/memoryfile.xml \
  -start-group \
  --library=lega-pic30-elf \
  --library=m-elf \
  --library=lega-c-elf \
  -end-group \


Optional library libpPIC24Fxxx.a not found
Archive member included because of file (symbol)

c:/program files (x86)/microchip/xc16/v1.35/bin/bin/../../lib\liblega-pic30-elf.a(crt0_standard.o)
                              (__resetPRI)
c:/program files (x86)/microchip/xc16/v1.35/bin/bin/../../lib\liblega-pic30-elf.a(data_init_standard.o)
                              c:/program files (x86)/microchip/xc16/v1.35/bin/bin/../../lib\liblega-pic30-elf.a(crt0_standard.o) (__data_init_standard)
c:/program files (x86)/microchip/xc16/v1.35/bin/bin/../../lib\liblega-pic30-elf.a(crt_start_mode_normal.Leo)
                              (__crt_start_mode_normal)
c:/program files (x86)/microchip/xc16/v1.35/bin/bin/../../lib\liblega-pic30-elf.a(delay32.Leo)
                              build/default/production/src/IO.o (___delay32)
c:/program files (x86)/microchip/xc16/v1.35/bin/bin/../../lib\libm-elf.a(divsf3.eo)
                              build/default/production/src/Timer.o (___divsf3)
c:/program files (x86)/microchip/xc16/v1.35/bin/bin/../../lib\libm-elf.a(divsi3.eo)
                              build/default/production/src/IO.o (___divsi3)
c:/program files (x86)/microchip/xc16/v1.35/bin/bin/../../lib\libm-elf.a(fixsfsi.eo)
                              build/default/production/src/Timer.o (_(float, int, long long, short, float, short, int))
c:/program files (x86)/microchip/xc16/v1.35/bin/bin/../../lib\libm-elf.a(fixunssfsi.eo)
                              build/default/production/src/IO.o (___fixunssfsi)
c:/program files (x86)/microchip/xc16/v1.35/bin/bin/../../lib\libm-elf.a(floatsisf.eo)
                              build/default/production/src/IO.o (___floatsisf)
c:/program files (x86)/microchip/xc16/v1.35/bin/bin/../../lib\libm-elf.a(floatunsisf.eo)
                              build/default/production/src/IO.o (___floatunsisf)
c:/program files (x86)/microchip/xc16/v1.35/bin/bin/../../lib\libm-elf.a(fpack.eo)
                              c:/program files (x86)/microchip/xc16/v1.35/bin/bin/../../lib\libm-elf.a(divsf3.eo) (__fpack)
c:/program files (x86)/microchip/xc16/v1.35/bin/bin/../../lib\libm-elf.a(funpack.eo)
                              c:/program files (x86)/microchip/xc16/v1.35/bin/bin/../../lib\libm-elf.a(fixsfsi.eo) (__funpack)
c:/program files (x86)/microchip/xc16/v1.35/bin/bin/../../lib\libm-elf.a(funpack2.eo)
                              c:/program files (x86)/microchip/xc16/v1.35/bin/bin/../../lib\libm-elf.a(divsf3.eo) (__funpack2)
c:/program files (x86)/microchip/xc16/v1.35/bin/bin/../../lib\libm-elf.a(futil.eo)
                              c:/program files (x86)/microchip/xc16/v1.35/bin/bin/../../lib\libm-elf.a(divsf3.eo) (__fPropagateNaN)
c:/program files (x86)/microchip/xc16/v1.35/bin/bin/../../lib\libm-elf.a(mulsf3.eo)
                              build/default/production/src/IO.o (___mulsf3)
c:/program files (x86)/microchip/xc16/v1.35/bin/bin/../../lib\libm-elf.a(udivsi3.eo)
                              build/default/production/src/Timer.o (___udivsi3)
c:/program files (x86)/microchip/xc16/v1.35/bin/bin/../../lib\libm-elf.a(floatdisf.eo)
                              c:/program files (x86)/microchip/xc16/v1.35/bin/bin/../../lib\libm-elf.a(floatsisf.eo) (___floatdisf)
c:/program files (x86)/microchip/xc16/v1.35/bin/bin/../../lib\libm-elf.a(floatundisf.eo)
                              c:/program files (x86)/microchip/xc16/v1.35/bin/bin/../../lib\libm-elf.a(floatunsisf.eo) (___floatundisf)
c:/program files (x86)/microchip/xc16/v1.35/bin/bin/../../lib\liblega-c-elf.a(strlen.XX_eo)
                              build/default/production/src/UART2.o (_strlen)


Selected CodeGuard Options:
  FGS:GWRP:OFF
  FGS:GCP:OFF
  FBS:BWRP:OFF
  FBS:BSS:OFF

CodeGuard FLASH Memory:
  boot    (none)
  secure  (none)
  general 0x200 to 0x2bfe

CodeGuard RAM Memory:
  general 0x800 to 0xdff
  secure  (none)
  boot    (none)

CodeGuard EEPROM Memory:
  general 0x7ffe00 to 0x7fffff
  secure  (none)
  boot    (none)


xc16-ld 1.35 (A)

"program" Memory  [Origin = 0x200, Length = 0x2a00]

section                    address   length (PC units)   length (bytes) (dec)
-------                    -------   -----------------   --------------------
.text                        0x200               0x584           0x846  (2118)
.const                       0x784                0x7e            0xbd  (189)
.text                        0x802               0xafa          0x1077  (4215)
.dinit                      0x12fc                0x5e            0x8d  (141)
.init.delay32               0x135a                0x1c            0x2a  (42)

                 Total "program" memory used (bytes):         0x1a31  (6705) 41%


"data" Memory  [Origin = 0x800, Length = 0x600]

section                    address      alignment gaps    total length  (dec)
-------                    -------      --------------    -------------------
.ndata                       0x800                   0            0x3e  (62)
.nbss                        0x83e                   0            0x14  (20)

                 Total "data" memory used (bytes):           0x52  (82) 5%


Dynamic Memory Usage

region                     address                      maximum length  (dec)
------                     -------                      ---------------------
heap                             0                                   0  (0)
stack                        0x852                               0x5ae  (1454)

                 Maximum dynamic memory (bytes):          0x5ae  (1454)


External Symbols in Data Memory (by address):

                    0x084e                  _clkval

External Symbols in Data Memory (by name):

                    0x084e                  _clkval

External Symbols in Program Memory (by address):

                  0x000200                  __resetPRI
                  0x00023c                  __psv_init
                  0x000252                  __data_init_standard
                  0x000252                  __data_init
                  0x0002c8                  __CNInterrupt
                  0x000434                  __T3Interrupt
                  0x000454                  __U2RXInterrupt
                  0x00045c                  __U2TXInterrupt
                  0x000464                  __T1Interrupt
                  0x0004a2                  __DefaultInterrupt
                  0x0004a8                  ___divsf3
                  0x00052c                  ___divsi3
                  0x00054a                  ___fixsfsi
                  0x00058c                  ___fixunssfsi
                  0x0005c2                  ___floatsisf
                  0x0005c8                  ___floatunsisf
                  0x0005cc                  __fpack
                  0x000618                  __funpack
                  0x000642                  __funpack2
                  0x000652                  __fPropagateNaN
                  0x000664                  __fbopExit
                  0x00066c                  __fbopReturnNaN
                  0x000672                  ___mulsf3
                  0x0006da                  ___udivsi3
                  0x0006fa                  ___floatdisf
                  0x00071a                  ___floatundisf
                  0x000778                  _strlen
                  0x00092c                  _set_LED_toggles_on_t2interrupt
                  0x000942                  _set_IR_toggles_on_t2interrupt
                  0x000958                  _set_LED_toggles_on_t3interrupt
                  0x00096e                  _delay_ms
                  0x0009e8                  _delay_ms_500
                  0x000a60                  _delay_us
                  0x000ae0                  _delay_us_32bit
                  0x000d4a                  _set_btn_verbose_mode
                  0x000d60                  _CN_init
                  0x000e24                  _delay_us_t1
                  0x000e9c                  _xmit_bit
                  0x000ef8                  _xmit_samsung_signal
                  0x000f50                  _InitUART2
                  0x000fb8                  _XmitUART2
                  0x000ff4                  _Disp2Hex
                  0x001052                  _Disp2Hex32
                  0x0010c0                  _Disp2Dec
                  0x0010c8                  _Disp2String
                  0x0010ea                  _get_CN0_state
                  0x001182                  _get_CN8_state
                  0x0011ce                  _get_button_state
                  0x001278                  _main
                  0x001288                  _NewClk
                  0x00135a                  ___delay32
                  0xf80000                  __FBS.sec
                  0xf80004                  __FGS.sec

External Symbols in Program Memory (by name):

                  0x000d60                  _CN_init
                  0x0010c0                  _Disp2Dec
                  0x000ff4                  _Disp2Hex
                  0x001052                  _Disp2Hex32
                  0x0010c8                  _Disp2String
                  0x000f50                  _InitUART2
                  0x001288                  _NewClk
                  0x000fb8                  _XmitUART2
                  0x0002c8                  __CNInterrupt
                  0x0004a2                  __DefaultInterrupt
                  0xf80000                  __FBS.sec
                  0xf80004                  __FGS.sec
                  0x000464                  __T1Interrupt
                  0x000434                  __T3Interrupt
                  0x000454                  __U2RXInterrupt
                  0x00045c                  __U2TXInterrupt
                  0x00135a                  ___delay32
                  0x0004a8                  ___divsf3
                  0x00052c                  ___divsi3
                  0x00054a                  ___fixsfsi
                  0x00058c                  ___fixunssfsi
                  0x0006fa                  ___floatdisf
                  0x0005c2                  ___floatsisf
                  0x00071a                  ___floatundisf
                  0x0005c8                  ___floatunsisf
                  0x000672                  ___mulsf3
                  0x0006da                  ___udivsi3
                  0x000252                  __data_init
                  0x000252                  __data_init_standard
                  0x000652                  __fPropagateNaN
                  0x000664                  __fbopExit
                  0x00066c                  __fbopReturnNaN
                  0x0005cc                  __fpack
                  0x000618                  __funpack
                  0x000642                  __funpack2
                  0x00023c                  __psv_init
                  0x000200                  __resetPRI
                  0x00096e                  _delay_ms
                  0x0009e8                  _delay_ms_500
                  0x000a60                  _delay_us
                  0x000ae0                  _delay_us_32bit
                  0x000e24                  _delay_us_t1
                  0x0010ea                  _get_CN0_state
                  0x001182                  _get_CN8_state
                  0x0011ce                  _get_button_state
                  0x001278                  _main
                  0x000942                  _set_IR_toggles_on_t2interrupt
                  0x00092c                  _set_LED_toggles_on_t2interrupt
                  0x000958                  _set_LED_toggles_on_t3interrupt
                  0x000d4a                  _set_btn_verbose_mode
                  0x000778                  _strlen
                  0x000e9c                  _xmit_bit
                  0x000ef8                  _xmit_samsung_signal

Memory Configuration

Name             Origin             Length             Attributes
data             0x000800           0x000600           a !xr
reset            0x000000           0x000004  
ivt              0x000004           0x0000fc  
_reserved        0x000100           0x000004  
aivt             0x000104           0x0000fc  
program          0x000200           0x002a00           xr
eedata           0x7ffe00           0x000200  
FBS              0xf80000           0x000002  
FGS              0xf80004           0x000002  
FOSCSEL          0xf80006           0x000002  
FOSC             0xf80008           0x000002  
FWDT             0xf8000a           0x000002  
FPOR             0xf8000c           0x000002  
FICD             0xf8000e           0x000002  
FDS              0xf80010           0x000002  
*default*        0x000000           0xffffffff  

Linker script and memory map

LOAD build/default/production/src/button_state.o
LOAD build/default/production/src/ChangeClk.o
LOAD build/default/production/src/IO.o
LOAD build/default/production/src/main.o
LOAD build/default/production/src/Timer.o
LOAD build/default/production/src/UART2.o
LOAD build/default/production/src/IR.o
                    0x0001                  __MPLAB_BUILD = 0x1
LOAD pPIC24Fxxx
LOAD c:/program files (x86)/microchip/xc16/v1.35/bin/bin/../../lib\libfx-elf.a
                    0xf80000                  __FBS = 0xf80000
                    0xf80004                  __FGS = 0xf80004
                    0xf80006                  __FOSCSEL = 0xf80006
                    0xf80008                  __FOSC = 0xf80008
                    0xf8000a                  __FWDT = 0xf8000a
                    0xf8000c                  __FPOR = 0xf8000c
                    0xf8000e                  __FICD = 0xf8000e
                    0xf80010                  __FDS = 0xf80010
                    0x0001                  __NO_HANDLES = 0x1
                    0x0200                  __CODE_BASE = 0x200
                    0x2a00                  __CODE_LENGTH = 0x2a00
                    0x0004                  __IVT_BASE = 0x4
                    0x0104                  __AIVT_BASE = 0x104
                    0x0800                  __DATA_BASE = 0x800
                    0x0600                  __DATA_LENGTH = 0x600

.reset            0x000000          0x4
                  0x000000          0x2 SHORT 0x200 ABSOLUTE (__reset)
                  0x000001          0x2 SHORT 0x4
                  0x000002          0x2 SHORT 0x0 ((ABSOLUTE (__reset) >> 0x10) & 0x7f)
                  0x000003          0x2 SHORT 0x0

.text             0x000200        0x584
 *(.init)
 .init            0x000200         0x4c c:/program files (x86)/microchip/xc16/v1.35/bin/bin/../../lib\liblega-pic30-elf.a(crt0_standard.o)
                  0x000200                  __resetPRI
                  0x000200                  __reset
                  0x00023c                  __psv_init
 .init            0x00024c         0x7c c:/program files (x86)/microchip/xc16/v1.35/bin/bin/../../lib\liblega-pic30-elf.a(data_init_standard.o)
                  0x000252                  __data_init_standard
                  0x000252                  __data_init
 *(.user_init)
 *(.handle)
 *(.isr*)
 .isr.text        0x0002c8        0x16c build/default/production/src/IO.o
                  0x0002c8                  __CNInterrupt
 .isr.text        0x000434         0x20 build/default/production/src/Timer.o
                  0x000434                  __T3Interrupt
 .isr.text        0x000454         0x10 build/default/production/src/UART2.o
                  0x000454                  __U2RXInterrupt
                  0x00045c                  __U2TXInterrupt
 .isr.text        0x000464         0x3e build/default/production/src/IR.o
                  0x000464                  __T1Interrupt
 .isr             0x0004a2          0x4 default_isr
                  0x0004a2                  __DefaultInterrupt
 *(.libc)
 *(.libm)
 *(.libdsp)
 *(.lib*)
 .libpic30_crt_start_mode
                  0x0004a6          0x2 c:/program files (x86)/microchip/xc16/v1.35/bin/bin/../../lib\liblega-pic30-elf.a(crt_start_mode_normal.Leo)
                  0x0004a6                  __crt_start_mode
                  0x0004a6                  __crt_start_mode_normal
 .libm.divfs3     0x0004a8         0x84 c:/program files (x86)/microchip/xc16/v1.35/bin/bin/../../lib\libm-elf.a(divsf3.eo)
                  0x0004a8                  ___divsf3
 .libm.divsi3     0x00052c         0x1e c:/program files (x86)/microchip/xc16/v1.35/bin/bin/../../lib\libm-elf.a(divsi3.eo)
                  0x00052c                  ___divsi3
 .libm.fixsfsi    0x00054a         0x42 c:/program files (x86)/microchip/xc16/v1.35/bin/bin/../../lib\libm-elf.a(fixsfsi.eo)
                  0x00054a                  _(float, int, long long, short, float, short, int)
 .libm.fixunssfsi
                  0x00058c         0x36 c:/program files (x86)/microchip/xc16/v1.35/bin/bin/../../lib\libm-elf.a(fixunssfsi.eo)
                  0x00058c                  ___fixunssfsi
 .libm.floatsisf
                  0x0005c2          0x6 c:/program files (x86)/microchip/xc16/v1.35/bin/bin/../../lib\libm-elf.a(floatsisf.eo)
                  0x0005c2                  ___floatsisf
 .libm.floatunsisf
                  0x0005c8          0x4 c:/program files (x86)/microchip/xc16/v1.35/bin/bin/../../lib\libm-elf.a(floatunsisf.eo)
                  0x0005c8                  ___floatunsisf
 .libm.fpack      0x0005cc         0x4c c:/program files (x86)/microchip/xc16/v1.35/bin/bin/../../lib\libm-elf.a(fpack.eo)
                  0x0005cc                  __fpack
 .libm.funpack    0x000618         0x2a c:/program files (x86)/microchip/xc16/v1.35/bin/bin/../../lib\libm-elf.a(funpack.eo)
                  0x000618                  __funpack
 .libm.funpack2
                  0x000642         0x10 c:/program files (x86)/microchip/xc16/v1.35/bin/bin/../../lib\libm-elf.a(funpack2.eo)
                  0x000642                  __funpack2
 .libm.fPropagateNaN
                  0x000652         0x12 c:/program files (x86)/microchip/xc16/v1.35/bin/bin/../../lib\libm-elf.a(futil.eo)
                  0x000652                  __fPropagateNaN
 .libm.fbobExit
                  0x000664          0x8 c:/program files (x86)/microchip/xc16/v1.35/bin/bin/../../lib\libm-elf.a(futil.eo)
                  0x000664                  __fbopExit
 .libm.fbopReturnNaN
                  0x00066c          0x6 c:/program files (x86)/microchip/xc16/v1.35/bin/bin/../../lib\libm-elf.a(futil.eo)
                  0x00066c                  __fbopReturnNaN
 .libm.mulsf3     0x000672         0x68 c:/program files (x86)/microchip/xc16/v1.35/bin/bin/../../lib\libm-elf.a(mulsf3.eo)
                  0x000672                  ___mulsf3
 .libm.udivsi3    0x0006da         0x20 c:/program files (x86)/microchip/xc16/v1.35/bin/bin/../../lib\libm-elf.a(udivsi3.eo)
                  0x0006da                  ___udivsi3
 .libm.floatdisf
                  0x0006fa         0x20 c:/program files (x86)/microchip/xc16/v1.35/bin/bin/../../lib\libm-elf.a(floatdisf.eo)
                  0x0006fa                  ___floatdisf
 .libm.floatundisf
                  0x00071a         0x5e c:/program files (x86)/microchip/xc16/v1.35/bin/bin/../../lib\libm-elf.a(floatundisf.eo)
                  0x00071a                  ___floatundisf
 .libc.strlen     0x000778          0xc c:/program files (x86)/microchip/xc16/v1.35/bin/bin/../../lib\liblega-c-elf.a(strlen.XX_eo)
                  0x000778                  _strlen

usercode
 *(usercode)

__FBS             0xf80000          0x2
 *(__FBS.sec*)
 __FBS.sec        0xf80000          0x2 /CW/_FBSÿÚÛ
                  0xf80000                  __FBS.sec

__FGS             0xf80004          0x2
 *(__FGS.sec*)
 __FGS.sec        0xf80004          0x2 /CW/_FGS–‚Û
                  0xf80004                  __FGS.sec

__FOSCSEL
 *(__FOSCSEL.sec*)

__FOSC
 *(__FOSC.sec*)

__FWDT
 *(__FWDT.sec*)

__FPOR
 *(__FPOR.sec*)

__FICD
 *(__FICD.sec*)

__FDS
 *(__FDS.sec*)

.comment
 *(.comment)

.debug_info       0x000000       0x496b
 *(.debug_info)
 .debug_info      0x000000        0x323 build/default/production/src/button_state.o
 .debug_info      0x000323        0x546 build/default/production/src/ChangeClk.o
 .debug_info      0x000869       0x147b build/default/production/src/IO.o
 .debug_info      0x001ce4        0x7e0 build/default/production/src/main.o
 .debug_info      0x0024c4        0xb37 build/default/production/src/Timer.o
 .debug_info      0x002ffb        0xe29 build/default/production/src/UART2.o
 .debug_info      0x003e24        0xb47 build/default/production/src/IR.o
 *(.gnu.linkonce.wi.*)

.debug_abbrev     0x000000        0x7fd
 *(.debug_abbrev)
 .debug_abbrev    0x000000         0xa3 build/default/production/src/button_state.o
 .debug_abbrev    0x0000a3        0x123 build/default/production/src/ChangeClk.o
 .debug_abbrev    0x0001c6        0x176 build/default/production/src/IO.o
 .debug_abbrev    0x00033c        0x138 build/default/production/src/main.o
 .debug_abbrev    0x000474        0x150 build/default/production/src/Timer.o
 .debug_abbrev    0x0005c4        0x123 build/default/production/src/UART2.o
 .debug_abbrev    0x0006e7        0x116 build/default/production/src/IR.o

.debug_line       0x000000        0x806
 *(.debug_line)
 .debug_line      0x000000         0x81 build/default/production/src/button_state.o
 .debug_line      0x000081         0xfa build/default/production/src/ChangeClk.o
 .debug_line      0x00017b        0x180 build/default/production/src/IO.o
 .debug_line      0x0002fb        0x10a build/default/production/src/main.o
 .debug_line      0x000405        0x164 build/default/production/src/Timer.o
 .debug_line      0x000569        0x15a build/default/production/src/UART2.o
 .debug_line      0x0006c3        0x143 build/default/production/src/IR.o

.debug_frame      0x000000        0x5a2
 *(.debug_frame)
 .debug_frame     0x000000         0x84 build/default/production/src/button_state.o
 .debug_frame     0x000084         0x30 build/default/production/src/ChangeClk.o
 .debug_frame     0x0000b4        0x13a build/default/production/src/IO.o
 .debug_frame     0x0001ee         0x68 build/default/production/src/main.o
 .debug_frame     0x000256        0x184 build/default/production/src/Timer.o
 .debug_frame     0x0003da         0xf4 build/default/production/src/UART2.o
 .debug_frame     0x0004ce         0xd4 build/default/production/src/IR.o

.debug_str        0x000000        0x1d7
 *(.debug_str)
 .debug_str       0x000000         0x22 build/default/production/src/button_state.o
 .debug_str       0x000022         0x16 build/default/production/src/ChangeClk.o
 .debug_str       0x000038         0x73 build/default/production/src/IO.o
 .debug_str       0x0000ab         0x36 build/default/production/src/main.o
 .debug_str       0x0000e1         0x66 build/default/production/src/Timer.o
 .debug_str       0x000147         0x57 build/default/production/src/UART2.o
 .debug_str       0x00019e         0x39 build/default/production/src/IR.o

.debug_loc
 *(.debug_loc)

.debug_macinfo
 *(.debug_macinfo)

.debug_pubnames
                  0x000000        0x284
 *(.debug_pubnames)
 .debug_pubnames
                  0x000000         0x4b build/default/production/src/button_state.o
 .debug_pubnames
                  0x00004b         0x1d build/default/production/src/ChangeClk.o
 .debug_pubnames
                  0x000068         0x48 build/default/production/src/IO.o
 .debug_pubnames
                  0x0000b0         0x1b build/default/production/src/main.o
 .debug_pubnames
                  0x0000cb         0xc9 build/default/production/src/Timer.o
 .debug_pubnames
                  0x000194         0x98 build/default/production/src/UART2.o
 .debug_pubnames
                  0x00022c         0x58 build/default/production/src/IR.o

.debug_ranges
 *(.debug_ranges)

.debug_aranges    0x000000         0xa8
 *(.debug_aranges)
 .debug_aranges
                  0x000000         0x18 build/default/production/src/button_state.o
 .debug_aranges
                  0x000018         0x18 build/default/production/src/ChangeClk.o
 .debug_aranges
                  0x000030         0x18 build/default/production/src/IO.o
 .debug_aranges
                  0x000048         0x18 build/default/production/src/main.o
 .debug_aranges
                  0x000060         0x18 build/default/production/src/Timer.o
 .debug_aranges
                  0x000078         0x18 build/default/production/src/UART2.o
 .debug_aranges
                  0x000090         0x18 build/default/production/src/IR.o
                    0x0000                  WREG0 = 0x0
                    0x0000                  _WREG0 = 0x0
                    0x0002                  WREG1 = 0x2
                    0x0002                  _WREG1 = 0x2
                    0x0004                  WREG2 = 0x4
                    0x0004                  _WREG2 = 0x4
                    0x0006                  WREG3 = 0x6
                    0x0006                  _WREG3 = 0x6
                    0x0008                  WREG4 = 0x8
                    0x0008                  _WREG4 = 0x8
                    0x000a                  WREG5 = 0xa
                    0x000a                  _WREG5 = 0xa
                    0x000c                  WREG6 = 0xc
                    0x000c                  _WREG6 = 0xc
                    0x000e                  WREG7 = 0xe
                    0x000e                  _WREG7 = 0xe
                    0x0010                  WREG8 = 0x10
                    0x0010                  _WREG8 = 0x10
                    0x0012                  WREG9 = 0x12
                    0x0012                  _WREG9 = 0x12
                    0x0014                  WREG10 = 0x14
                    0x0014                  _WREG10 = 0x14
                    0x0016                  WREG11 = 0x16
                    0x0016                  _WREG11 = 0x16
                    0x0018                  WREG12 = 0x18
                    0x0018                  _WREG12 = 0x18
                    0x001a                  WREG13 = 0x1a
                    0x001a                  _WREG13 = 0x1a
                    0x001c                  WREG14 = 0x1c
                    0x001c                  _WREG14 = 0x1c
                    0x001e                  WREG15 = 0x1e
                    0x001e                  _WREG15 = 0x1e
                    0x0020                  SPLIM = 0x20
                    0x0020                  _SPLIM = 0x20
                    0x002e                  PCL = 0x2e
                    0x002e                  _PCL = 0x2e
                    0x0030                  PCH = 0x30
                    0x0030                  _PCH = 0x30
                    0x0032                  TBLPAG = 0x32
                    0x0032                  _TBLPAG = 0x32
                    0x0034                  PSVPAG = 0x34
                    0x0034                  _PSVPAG = 0x34
                    0x0036                  RCOUNT = 0x36
                    0x0036                  _RCOUNT = 0x36
                    0x0042                  SR = 0x42
                    0x0042                  _SR = 0x42
                    0x0042                  _SRbits = 0x42
                    0x0044                  CORCON = 0x44
                    0x0044                  _CORCON = 0x44
                    0x0044                  _CORCONbits = 0x44
                    0x0052                  DISICNT = 0x52
                    0x0052                  _DISICNT = 0x52
                    0x0060                  CNEN1 = 0x60
                    0x0060                  _CNEN1 = 0x60
                    0x0060                  _CNEN1bits = 0x60
                    0x0062                  CNEN2 = 0x62
                    0x0062                  _CNEN2 = 0x62
                    0x0062                  _CNEN2bits = 0x62
                    0x0068                  CNPU1 = 0x68
                    0x0068                  _CNPU1 = 0x68
                    0x0068                  _CNPU1bits = 0x68
                    0x006a                  CNPU2 = 0x6a
                    0x006a                  _CNPU2 = 0x6a
                    0x006a                  _CNPU2bits = 0x6a
                    0x0070                  CNPD1 = 0x70
                    0x0070                  _CNPD1 = 0x70
                    0x0070                  _CNPD1bits = 0x70
                    0x0072                  CNPD2 = 0x72
                    0x0072                  _CNPD2 = 0x72
                    0x0072                  _CNPD2bits = 0x72
                    0x0080                  INTCON1 = 0x80
                    0x0080                  _INTCON1 = 0x80
                    0x0080                  _INTCON1bits = 0x80
                    0x0082                  INTCON2 = 0x82
                    0x0082                  _INTCON2 = 0x82
                    0x0082                  _INTCON2bits = 0x82
                    0x0084                  IFS0 = 0x84
                    0x0084                  _IFS0 = 0x84
                    0x0084                  _IFS0bits = 0x84
                    0x0086                  IFS1 = 0x86
                    0x0086                  _IFS1 = 0x86
                    0x0086                  _IFS1bits = 0x86
                    0x008a                  IFS3 = 0x8a
                    0x008a                  _IFS3 = 0x8a
                    0x008a                  _IFS3bits = 0x8a
                    0x008c                  IFS4 = 0x8c
                    0x008c                  _IFS4 = 0x8c
                    0x008c                  _IFS4bits = 0x8c
                    0x0094                  IEC0 = 0x94
                    0x0094                  _IEC0 = 0x94
                    0x0094                  _IEC0bits = 0x94
                    0x0096                  IEC1 = 0x96
                    0x0096                  _IEC1 = 0x96
                    0x0096                  _IEC1bits = 0x96
                    0x009a                  IEC3 = 0x9a
                    0x009a                  _IEC3 = 0x9a
                    0x009a                  _IEC3bits = 0x9a
                    0x009c                  IEC4 = 0x9c
                    0x009c                  _IEC4 = 0x9c
                    0x009c                  _IEC4bits = 0x9c
                    0x00a4                  IPC0 = 0xa4
                    0x00a4                  _IPC0 = 0xa4
                    0x00a4                  _IPC0bits = 0xa4
                    0x00a6                  IPC1 = 0xa6
                    0x00a6                  _IPC1 = 0xa6
                    0x00a6                  _IPC1bits = 0xa6
                    0x00a8                  IPC2 = 0xa8
                    0x00a8                  _IPC2 = 0xa8
                    0x00a8                  _IPC2bits = 0xa8
                    0x00aa                  IPC3 = 0xaa
                    0x00aa                  _IPC3 = 0xaa
                    0x00aa                  _IPC3bits = 0xaa
                    0x00ac                  IPC4 = 0xac
                    0x00ac                  _IPC4 = 0xac
                    0x00ac                  _IPC4bits = 0xac
                    0x00ae                  IPC5 = 0xae
                    0x00ae                  _IPC5 = 0xae
                    0x00ae                  _IPC5bits = 0xae
                    0x00b2                  IPC7 = 0xb2
                    0x00b2                  _IPC7 = 0xb2
                    0x00b2                  _IPC7bits = 0xb2
                    0x00c2                  IPC15 = 0xc2
                    0x00c2                  _IPC15 = 0xc2
                    0x00c2                  _IPC15bits = 0xc2
                    0x00c4                  IPC16 = 0xc4
                    0x00c4                  _IPC16 = 0xc4
                    0x00c4                  _IPC16bits = 0xc4
                    0x00c8                  IPC18 = 0xc8
                    0x00c8                  _IPC18 = 0xc8
                    0x00c8                  _IPC18bits = 0xc8
                    0x00ca                  IPC19 = 0xca
                    0x00ca                  _IPC19 = 0xca
                    0x00ca                  _IPC19bits = 0xca
                    0x00e0                  INTTREG = 0xe0
                    0x00e0                  _INTTREG = 0xe0
                    0x00e0                  _INTTREGbits = 0xe0
                    0x0100                  TMR1 = 0x100
                    0x0100                  _TMR1 = 0x100
                    0x0102                  PR1 = 0x102
                    0x0102                  _PR1 = 0x102
                    0x0104                  T1CON = 0x104
                    0x0104                  _T1CON = 0x104
                    0x0104                  _T1CONbits = 0x104
                    0x0106                  TMR2 = 0x106
                    0x0106                  _TMR2 = 0x106
                    0x0108                  TMR3HLD = 0x108
                    0x0108                  _TMR3HLD = 0x108
                    0x010a                  TMR3 = 0x10a
                    0x010a                  _TMR3 = 0x10a
                    0x010c                  PR2 = 0x10c
                    0x010c                  _PR2 = 0x10c
                    0x010e                  PR3 = 0x10e
                    0x010e                  _PR3 = 0x10e
                    0x0110                  T2CON = 0x110
                    0x0110                  _T2CON = 0x110
                    0x0110                  _T2CONbits = 0x110
                    0x0112                  T3CON = 0x112
                    0x0112                  _T3CON = 0x112
                    0x0112                  _T3CONbits = 0x112
                    0x0140                  IC1BUF = 0x140
                    0x0140                  _IC1BUF = 0x140
                    0x0142                  IC1CON = 0x142
                    0x0142                  _IC1CON = 0x142
                    0x0142                  _IC1CONbits = 0x142
                    0x0180                  OC1RS = 0x180
                    0x0180                  _OC1RS = 0x180
                    0x0182                  OC1R = 0x182
                    0x0182                  _OC1R = 0x182
                    0x0184                  OC1CON = 0x184
                    0x0184                  _OC1CON = 0x184
                    0x0184                  _OC1CONbits = 0x184
                    0x0200                  I2C1RCV = 0x200
                    0x0200                  _I2C1RCV = 0x200
                    0x0202                  I2C1TRN = 0x202
                    0x0202                  _I2C1TRN = 0x202
                    0x0204                  I2C1BRG = 0x204
                    0x0204                  _I2C1BRG = 0x204
                    0x0206                  I2C1CON = 0x206
                    0x0206                  _I2C1CON = 0x206
                    0x0206                  _I2C1CONbits = 0x206
                    0x0208                  I2C1STAT = 0x208
                    0x0208                  _I2C1STAT = 0x208
                    0x0208                  _I2C1STATbits = 0x208
                    0x020a                  I2C1ADD = 0x20a
                    0x020a                  _I2C1ADD = 0x20a
                    0x020c                  I2C1MSK = 0x20c
                    0x020c                  _I2C1MSK = 0x20c
                    0x020c                  _I2C1MSKbits = 0x20c
                    0x0220                  U1MODE = 0x220
                    0x0220                  _U1MODE = 0x220
                    0x0220                  _U1MODEbits = 0x220
                    0x0222                  U1STA = 0x222
                    0x0222                  _U1STA = 0x222
                    0x0222                  _U1STAbits = 0x222
                    0x0224                  U1TXREG = 0x224
                    0x0224                  _U1TXREG = 0x224
                    0x0226                  U1RXREG = 0x226
                    0x0226                  _U1RXREG = 0x226
                    0x0228                  U1BRG = 0x228
                    0x0228                  _U1BRG = 0x228
                    0x0230                  U2MODE = 0x230
                    0x0230                  _U2MODE = 0x230
                    0x0230                  _U2MODEbits = 0x230
                    0x0232                  U2STA = 0x232
                    0x0232                  _U2STA = 0x232
                    0x0232                  _U2STAbits = 0x232
                    0x0234                  U2TXREG = 0x234
                    0x0234                  _U2TXREG = 0x234
                    0x0236                  U2RXREG = 0x236
                    0x0236                  _U2RXREG = 0x236
                    0x0238                  U2BRG = 0x238
                    0x0238                  _U2BRG = 0x238
                    0x0240                  SPI1STAT = 0x240
                    0x0240                  _SPI1STAT = 0x240
                    0x0240                  _SPI1STATbits = 0x240
                    0x0242                  SPI1CON1 = 0x242
                    0x0242                  _SPI1CON1 = 0x242
                    0x0242                  _SPI1CON1bits = 0x242
                    0x0244                  SPI1CON2 = 0x244
                    0x0244                  _SPI1CON2 = 0x244
                    0x0244                  _SPI1CON2bits = 0x244
                    0x0248                  SPI1BUF = 0x248
                    0x0248                  _SPI1BUF = 0x248
                    0x02c0                  TRISA = 0x2c0
                    0x02c0                  _TRISA = 0x2c0
                    0x02c0                  _TRISAbits = 0x2c0
                    0x02c2                  PORTA = 0x2c2
                    0x02c2                  _PORTA = 0x2c2
                    0x02c2                  _PORTAbits = 0x2c2
                    0x02c4                  LATA = 0x2c4
                    0x02c4                  _LATA = 0x2c4
                    0x02c4                  _LATAbits = 0x2c4
                    0x02c6                  ODCA = 0x2c6
                    0x02c6                  _ODCA = 0x2c6
                    0x02c6                  _ODCAbits = 0x2c6
                    0x02c8                  TRISB = 0x2c8
                    0x02c8                  _TRISB = 0x2c8
                    0x02c8                  _TRISBbits = 0x2c8
                    0x02ca                  PORTB = 0x2ca
                    0x02ca                  _PORTB = 0x2ca
                    0x02ca                  _PORTBbits = 0x2ca
                    0x02cc                  LATB = 0x2cc
                    0x02cc                  _LATB = 0x2cc
                    0x02cc                  _LATBbits = 0x2cc
                    0x02ce                  ODCB = 0x2ce
                    0x02ce                  _ODCB = 0x2ce
                    0x02ce                  _ODCBbits = 0x2ce
                    0x02fc                  PADCFG1 = 0x2fc
                    0x02fc                  _PADCFG1 = 0x2fc
                    0x02fc                  _PADCFG1bits = 0x2fc
                    0x0300                  ADC1BUF0 = 0x300
                    0x0300                  _ADC1BUF0 = 0x300
                    0x0302                  ADC1BUF1 = 0x302
                    0x0302                  _ADC1BUF1 = 0x302
                    0x0304                  ADC1BUF2 = 0x304
                    0x0304                  _ADC1BUF2 = 0x304
                    0x0306                  ADC1BUF3 = 0x306
                    0x0306                  _ADC1BUF3 = 0x306
                    0x0308                  ADC1BUF4 = 0x308
                    0x0308                  _ADC1BUF4 = 0x308
                    0x030a                  ADC1BUF5 = 0x30a
                    0x030a                  _ADC1BUF5 = 0x30a
                    0x030c                  ADC1BUF6 = 0x30c
                    0x030c                  _ADC1BUF6 = 0x30c
                    0x030e                  ADC1BUF7 = 0x30e
                    0x030e                  _ADC1BUF7 = 0x30e
                    0x0310                  ADC1BUF8 = 0x310
                    0x0310                  _ADC1BUF8 = 0x310
                    0x0312                  ADC1BUF9 = 0x312
                    0x0312                  _ADC1BUF9 = 0x312
                    0x0314                  ADC1BUFA = 0x314
                    0x0314                  _ADC1BUFA = 0x314
                    0x0316                  ADC1BUFB = 0x316
                    0x0316                  _ADC1BUFB = 0x316
                    0x0318                  ADC1BUFC = 0x318
                    0x0318                  _ADC1BUFC = 0x318
                    0x031a                  ADC1BUFD = 0x31a
                    0x031a                  _ADC1BUFD = 0x31a
                    0x031c                  ADC1BUFE = 0x31c
                    0x031c                  _ADC1BUFE = 0x31c
                    0x031e                  ADC1BUFF = 0x31e
                    0x031e                  _ADC1BUFF = 0x31e
                    0x0320                  AD1CON1 = 0x320
                    0x0320                  _AD1CON1 = 0x320
                    0x0320                  _AD1CON1bits = 0x320
                    0x0322                  AD1CON2 = 0x322
                    0x0322                  _AD1CON2 = 0x322
                    0x0322                  _AD1CON2bits = 0x322
                    0x0324                  AD1CON3 = 0x324
                    0x0324                  _AD1CON3 = 0x324
                    0x0324                  _AD1CON3bits = 0x324
                    0x0328                  AD1CHS = 0x328
                    0x0328                  _AD1CHS = 0x328
                    0x0328                  _AD1CHSbits = 0x328
                    0x032c                  AD1PCFG = 0x32c
                    0x032c                  _AD1PCFG = 0x32c
                    0x032c                  _AD1PCFGbits = 0x32c
                    0x0330                  AD1CSSL = 0x330
                    0x0330                  _AD1CSSL = 0x330
                    0x0330                  _AD1CSSLbits = 0x330
                    0x033c                  CTMUCON = 0x33c
                    0x033c                  _CTMUCON = 0x33c
                    0x033c                  _CTMUCONbits = 0x33c
                    0x033e                  CTMUICON = 0x33e
                    0x033e                  _CTMUICON = 0x33e
                    0x033e                  _CTMUICONbits = 0x33e
                    0x0620                  ALRMVAL = 0x620
                    0x0620                  _ALRMVAL = 0x620
                    0x0622                  ALCFGRPT = 0x622
                    0x0622                  _ALCFGRPT = 0x622
                    0x0622                  _ALCFGRPTbits = 0x622
                    0x0624                  RTCVAL = 0x624
                    0x0624                  _RTCVAL = 0x624
                    0x0626                  RCFGCAL = 0x626
                    0x0626                  _RCFGCAL = 0x626
                    0x0626                  _RCFGCALbits = 0x626
                    0x0630                  CMSTAT = 0x630
                    0x0630                  _CMSTAT = 0x630
                    0x0630                  _CMSTATbits = 0x630
                    0x0632                  CVRCON = 0x632
                    0x0632                  _CVRCON = 0x632
                    0x0632                  _CVRCONbits = 0x632
                    0x0634                  CM1CON = 0x634
                    0x0634                  _CM1CON = 0x634
                    0x0634                  _CM1CONbits = 0x634
                    0x0636                  CM2CON = 0x636
                    0x0636                  _CM2CON = 0x636
                    0x0636                  _CM2CONbits = 0x636
                    0x0640                  CRCCON = 0x640
                    0x0640                  _CRCCON = 0x640
                    0x0640                  _CRCCONbits = 0x640
                    0x0642                  CRCXOR = 0x642
                    0x0642                  _CRCXOR = 0x642
                    0x0644                  CRCDAT = 0x644
                    0x0644                  _CRCDAT = 0x644
                    0x0646                  CRCWDAT = 0x646
                    0x0646                  _CRCWDAT = 0x646
                    0x0740                  RCON = 0x740
                    0x0740                  _RCON = 0x740
                    0x0740                  _RCONbits = 0x740
                    0x0742                  OSCCON = 0x742
                    0x0742                  _OSCCON = 0x742
                    0x0742                  _OSCCONbits = 0x742
                    0x0742                  OSCCONL = 0x742
                    0x0742                  _OSCCONL = 0x742
                    0x0743                  OSCCONH = 0x743
                    0x0743                  _OSCCONH = 0x743
                    0x0744                  CLKDIV = 0x744
                    0x0744                  _CLKDIV = 0x744
                    0x0744                  _CLKDIVbits = 0x744
                    0x0748                  OSCTUN = 0x748
                    0x0748                  _OSCTUN = 0x748
                    0x0748                  _OSCTUNbits = 0x748
                    0x074e                  REFOCON = 0x74e
                    0x074e                  _REFOCON = 0x74e
                    0x074e                  _REFOCONbits = 0x74e
                    0x0756                  HLVDCON = 0x756
                    0x0756                  _HLVDCON = 0x756
                    0x0756                  _HLVDCONbits = 0x756
                    0x0758                  DSCON = 0x758
                    0x0758                  _DSCON = 0x758
                    0x0758                  _DSCONbits = 0x758
                    0x075a                  DSWAKE = 0x75a
                    0x075a                  _DSWAKE = 0x75a
                    0x075a                  _DSWAKEbits = 0x75a
                    0x075a                  DSWSRC = 0x75a
                    0x075a                  _DSWSRC = 0x75a
                    0x075a                  _DSWSRCbits = 0x75a
                    0x075c                  DSGPR0 = 0x75c
                    0x075c                  _DSGPR0 = 0x75c
                    0x075e                  DSGPR1 = 0x75e
                    0x075e                  _DSGPR1 = 0x75e
                    0x0760                  NVMCON = 0x760
                    0x0760                  _NVMCON = 0x760
                    0x0760                  _NVMCONbits = 0x760
                    0x0766                  NVMKEY = 0x766
                    0x0766                  _NVMKEY = 0x766
                    0x0766                  _NVMKEYbits = 0x766
                    0x0770                  PMD1 = 0x770
                    0x0770                  _PMD1 = 0x770
                    0x0770                  _PMD1bits = 0x770
                    0x0772                  PMD2 = 0x772
                    0x0772                  _PMD2 = 0x772
                    0x0772                  _PMD2bits = 0x772
                    0x0774                  PMD3 = 0x774
                    0x0774                  _PMD3 = 0x774
                    0x0774                  _PMD3bits = 0x774
                    0x0776                  PMD4 = 0x776
                    0x0776                  _PMD4 = 0x776
                    0x0776                  _PMD4bits = 0x776
                    0x0140                  IC1 = 0x140
                    0x0140                  _IC1 = 0x140
                    0x0180                  OC1 = 0x180
                    0x0180                  _OC1 = 0x180
                    0x0240                  SPI1 = 0x240
                    0x0240                  _SPI1 = 0x240
                    0x0220                  UART1 = 0x220
                    0x0220                  _UART1 = 0x220
                    0x0230                  UART2 = 0x230
                    0x0230                  _UART2 = 0x230
START GROUP
LOAD c:/program files (x86)/microchip/xc16/v1.35/bin/bin/../../lib\liblega-pic30-elf.a
LOAD c:/program files (x86)/microchip/xc16/v1.35/bin/bin/../../lib\libm-elf.a
LOAD c:/program files (x86)/microchip/xc16/v1.35/bin/bin/../../lib\liblega-c-elf.a
END GROUP
OUTPUT(dist/default/production/519-drivers.X.production.elf elf32-pic30)
LOAD /CW/_FGS–‚Û
LOAD /CW/_FBSÿÚÛ
LOAD default_isr
LOAD data_init

.debug_pubtypes
                  0x0000a8        0x5e7
 .debug_pubtypes
                  0x0000a8         0x33 build/default/production/src/button_state.o
 .debug_pubtypes
                  0x0000db         0x7a build/default/production/src/ChangeClk.o
 .debug_pubtypes
                  0x000155        0x1b7 build/default/production/src/IO.o
 .debug_pubtypes
                  0x00030c         0xcf build/default/production/src/main.o
 .debug_pubtypes
                  0x0003db         0xc1 build/default/production/src/Timer.o
 .debug_pubtypes
                  0x00049c        0x113 build/default/production/src/UART2.o
 .debug_pubtypes
                  0x0005af         0xe0 build/default/production/src/IR.o

__c30_signature
                  0x00068f         0x96
 __c30_signature
                  0x00068f          0x6 build/default/production/src/button_state.o
 __c30_signature
                  0x000695          0x6 build/default/production/src/ChangeClk.o
 __c30_signature
                  0x00069b          0x6 build/default/production/src/IO.o
 __c30_signature
                  0x0006a1          0x6 build/default/production/src/main.o
 __c30_signature
                  0x0006a7          0x6 build/default/production/src/Timer.o
 __c30_signature
                  0x0006ad          0x6 build/default/production/src/UART2.o
 __c30_signature
                  0x0006b3          0x6 build/default/production/src/IR.o
 __c30_signature
                  0x0006b9          0x6 c:/program files (x86)/microchip/xc16/v1.35/bin/bin/../../lib\liblega-pic30-elf.a(crt0_standard.o)
 __c30_signature
                  0x0006bf          0x6 c:/program files (x86)/microchip/xc16/v1.35/bin/bin/../../lib\liblega-pic30-elf.a(data_init_standard.o)
 __c30_signature
                  0x0006c5          0x6 c:/program files (x86)/microchip/xc16/v1.35/bin/bin/../../lib\liblega-pic30-elf.a(delay32.Leo)
 __c30_signature
                  0x0006cb          0x6 c:/program files (x86)/microchip/xc16/v1.35/bin/bin/../../lib\libm-elf.a(divsf3.eo)
 __c30_signature
                  0x0006d1          0x6 c:/program files (x86)/microchip/xc16/v1.35/bin/bin/../../lib\libm-elf.a(divsi3.eo)
 __c30_signature
                  0x0006d7          0x6 c:/program files (x86)/microchip/xc16/v1.35/bin/bin/../../lib\libm-elf.a(fixsfsi.eo)
 __c30_signature
                  0x0006dd          0x6 c:/program files (x86)/microchip/xc16/v1.35/bin/bin/../../lib\libm-elf.a(fixunssfsi.eo)
 __c30_signature
                  0x0006e3          0x6 c:/program files (x86)/microchip/xc16/v1.35/bin/bin/../../lib\libm-elf.a(floatsisf.eo)
 __c30_signature
                  0x0006e9          0x6 c:/program files (x86)/microchip/xc16/v1.35/bin/bin/../../lib\libm-elf.a(floatunsisf.eo)
 __c30_signature
                  0x0006ef          0x6 c:/program files (x86)/microchip/xc16/v1.35/bin/bin/../../lib\libm-elf.a(fpack.eo)
 __c30_signature
                  0x0006f5          0x6 c:/program files (x86)/microchip/xc16/v1.35/bin/bin/../../lib\libm-elf.a(funpack.eo)
 __c30_signature
                  0x0006fb          0x6 c:/program files (x86)/microchip/xc16/v1.35/bin/bin/../../lib\libm-elf.a(funpack2.eo)
 __c30_signature
                  0x000701          0x6 c:/program files (x86)/microchip/xc16/v1.35/bin/bin/../../lib\libm-elf.a(futil.eo)
 __c30_signature
                  0x000707          0x6 c:/program files (x86)/microchip/xc16/v1.35/bin/bin/../../lib\libm-elf.a(mulsf3.eo)
 __c30_signature
                  0x00070d          0x6 c:/program files (x86)/microchip/xc16/v1.35/bin/bin/../../lib\libm-elf.a(udivsi3.eo)
 __c30_signature
                  0x000713          0x6 c:/program files (x86)/microchip/xc16/v1.35/bin/bin/../../lib\libm-elf.a(floatdisf.eo)
 __c30_signature
                  0x000719          0x6 c:/program files (x86)/microchip/xc16/v1.35/bin/bin/../../lib\libm-elf.a(floatundisf.eo)
 __c30_signature
                  0x00071f          0x6 c:/program files (x86)/microchip/xc16/v1.35/bin/bin/../../lib\liblega-c-elf.a(strlen.XX_eo)

.ndata              0x0800         0x3e
 .ndata             0x0800         0x16 build/default/production/src/IO.o
 .ndata             0x0816         0x14 build/default/production/src/main.o
 .ndata             0x082a         0x14 build/default/production/src/IR.o

.nbss               0x083e         0x14
 .nbss              0x083e          0x6 build/default/production/src/button_state.o
 .nbss              0x0844          0x6 build/default/production/src/Timer.o
 .nbss              0x084a          0x4 build/default/production/src/IO.o
 .nbss              0x084e          0x2 build/default/production/src/UART2.o
                    0x084e                  _clkval
 .nbss              0x0850          0x2 build/default/production/src/IR.o

.ivt._CNInterrupt
                  0x00003a          0x2
 .ivt._CNInterrupt
                  0x00003a          0x2 build/default/production/src/IO.o

.config_DSWDTEN
                  0xf80010          0x2
 .config_DSWDTEN
                  0xf80010          0x2 build/default/production/src/main.o

.config_BKBUG     0xf8000e          0x2
 .config_BKBUG    0xf8000e          0x2 build/default/production/src/main.o

.config_MCLRE     0xf8000c          0x2
 .config_MCLRE    0xf8000c          0x2 build/default/production/src/main.o

.config_FWDTEN    0xf8000a          0x2
 .config_FWDTEN
                  0xf8000a          0x2 build/default/production/src/main.o

.config_FCKSM     0xf80008          0x2
 .config_FCKSM    0xf80008          0x2 build/default/production/src/main.o

.config_IESO      0xf80006          0x2
 .config_IESO     0xf80006          0x2 build/default/production/src/main.o

.ivt._T3Interrupt
                  0x000024          0x2
 .ivt._T3Interrupt
                  0x000024          0x2 build/default/production/src/Timer.o

.ivt._U2RXInterrupt
                  0x000050          0x2
 .ivt._U2RXInterrupt
                  0x000050          0x2 build/default/production/src/UART2.o

.ivt._U2TXInterrupt
                  0x000052          0x2
 .ivt._U2TXInterrupt
                  0x000052          0x2 build/default/production/src/UART2.o

.ivt._T1Interrupt
                  0x00001a          0x2
 .ivt._T1Interrupt
                  0x00001a          0x2 build/default/production/src/IR.o

.const              0x8784         0x7e load address 0x000784  
 .const             0x8784         0x48 build/default/production/src/IO.o
 .const             0x87cc         0x1c build/default/production/src/main.o
 .const             0x87e8         0x12 build/default/production/src/IR.o
 .const             0x87fa          0x8 build/default/production/src/Timer.o

.text             0x000802        0xafa
 .text            0x000802        0x36a build/default/production/src/Timer.o
                  0x00092c                  _set_LED_toggles_on_t2interrupt
                  0x000942                  _set_IR_toggles_on_t2interrupt
                  0x000958                  _set_LED_toggles_on_t3interrupt
                  0x00096e                  _delay_ms
                  0x0009e8                  _delay_ms_500
                  0x000a60                  _delay_us
                  0x000ae0                  _delay_us_32bit
 .text            0x000b6c        0x224 build/default/production/src/IO.o
                  0x000d4a                  _set_btn_verbose_mode
                  0x000d60                  _CN_init
 .text            0x000d90        0x1c0 build/default/production/src/IR.o
                  0x000e24                  _delay_us_t1
                  0x000e9c                  _xmit_bit
                  0x000ef8                  _xmit_samsung_signal
 .text            0x000f50        0x19a build/default/production/src/UART2.o
                  0x000f50                  _InitUART2
                  0x000fb8                  _XmitUART2
                  0x000ff4                  _Disp2Hex
                  0x001052                  _Disp2Hex32
                  0x0010c0                  _Disp2Dec
                  0x0010c8                  _Disp2String
 .text            0x0010ea        0x122 build/default/production/src/button_state.o
                  0x0010ea                  _get_CN0_state
                  0x001182                  _get_CN8_state
                  0x0011ce                  _get_button_state
 .text            0x00120c         0x7c build/default/production/src/main.o
                  0x001278                  _main
 .text            0x001288         0x74 build/default/production/src/ChangeClk.o
                  0x001288                  _NewClk

.dinit            0x0012fc         0x5e
 .dinit           0x0012fc         0x5e data_init

.init.delay32     0x00135a         0x1c
 .init.delay32    0x00135a         0x1c c:/program files (x86)/microchip/xc16/v1.35/bin/bin/../../lib\liblega-pic30-elf.a(delay32.Leo)
                  0x00135a                  ___delay32
